********************************************************************************

                                E  n  G  O  A  T                                

********************************************************************************
          The TuTraSt Algorithm Based Energy GeOmetry Analysis Toolkit          

                                   2026-03-24                                   
********************************************************************************

>>> INITIALIZATION <<<
--------------------------------------------------------------------------------
Input file:                        input.param
Cube file:                           LGPS.cube
--------------------------------------------------------------------------------

>>> READING USER DEFINED INPUT <<<
Reading cube data...
Cube data read successfully.
--------------------------------------------------------------------------------
Number of atoms:                  50
Origin (x,y,z):           (   0.000,    0.000,    0.000)
--------------------------------------------------------------------------------
Grid points (Na,Nb,Nc):   (      44,       44,       64)
a-axis vector:            (   0.200,    0.000,    0.000)
b-axis vector:            (   0.000,    0.200,    0.000)
c-axis vector:            (   0.000,    0.000,    0.198)
--------------------------------------------------------------------------------
Grid successfully loaded in 0.04 s

>>> POTENTIAL ENERGY GRID ANALYSIS <<<
Number of levels:                  7
E step:                          5.0
E cutoff:                       35.0
--------------------------------------------------------------------------------
 Level   Energy (kJ/mol)    Volume (pts)    Breakthrough      Δt(s)   Total(s)
--------------------------------------------------------------------------------
     1              5.00              74               /       0.03       0.03
     2             10.00             400               /       0.09       0.12
     3             15.00            1388               /       0.06       0.18
     4             20.00            2976               /       0.11       0.29
     5             25.00            5004         [0 0 1]       0.11       0.40
     6             30.00            7226         [0 0 1]       0.17       0.56
     7             35.00            9212         [1 1 1]       0.17       0.74
--------------------------------------------------------------------------------
Potential grid analyzed successfully in 0.74 s

>>> TUTRAST ANALYSIS <<<
Total volume:                72.6711 Å³     0.0743 %
Accessible volume:           65.1453 Å³     0.0666 %
Total surface area:         436.5707 Å²     0.4466 Å²/Å³
Accessible surface area:    391.5162 Å²     0.4005 Å²/Å³

1 tunnel systems were identified:
--------------------------------------------------------------------------------
Tunnel system #1
--------------------------------------------------------------------------------
Volume:                      65.1453 Å³     0.0666 %
Surface area:               391.5162 Å²     0.4005 Å²/Å³
Lowest energy point:          5.8672 kJ/mol
Dimensionality:                    3

Breakthrough directions and energies:
  Direction    | Highest E barrier (kJ/mol)
  -----------------------------------------
  [0 0 1]        14.6309
  [1 0 1]        24.3924
  [0 1 0]        24.3924
  [1 1 0]        35.0000
  [1 0 0]        35.0000
  [1 1 1]        35.0000
--------------------------------------------------------------------------------
TuTraSt analysis performed successfully in 0.42 s

>>> RUNNING kMC SIMULATIONS (T = 1000.0 K) <<<
Number of runs:                    5
Number of steps:             1000000

Tunnel system 1, weight = 0.7963145169643064
--------------------------------------------------------------------------------
     Run      D_a (m²/s)      D_b (m²/s)      D_c (m²/s)     Δt (s)  total (s)
--------------------------------------------------------------------------------
       1       4.102e-06       4.234e-06       1.302e-04       2.82       2.82 
       2       3.607e-06       3.654e-06       1.290e-04       2.79       5.60 
       3       4.474e-06       4.341e-06       1.327e-04       2.78       8.38 
       4       4.267e-06       4.304e-06       1.277e-04       2.77      11.16 
       5       4.167e-06       4.080e-06       1.292e-04       2.75      13.90 
--------------------------------------------------------------------------------
Average self diffusion coefficient in a b c: 
D_a = 4.123e-06 ± 2.87e-07  D_b = 4.122e-06 ± 2.51e-07  D_c = 1.297e-04 ± 1.67e-06
Average self diffusion coefficient in x y z: 
D_x = 4.123e-06 ± 2.87e-07  D_y = 4.122e-06 ± 2.51e-07  D_z = 1.297e-04 ± 1.67e-06
Average Isotropic self diffusion coefficient: 
D = 4.602e-05 ± 1.07e-06
--------------------------------------------------------------------------------
Completed kMC simulations for tunnel system 1 at T = 1000.0 K. 
Total time elapsed: 13.93 s

--------------------------------------------------------------------------------
Joint diffusion coefficients across all tunnel systems at T = 1000.0 K:
In the a b c directions:
D_a = 3.284e-06 ± 2.29e-07  D_b = 3.283e-06 ± 2.00e-07  D_c = 1.033e-04 ± 1.33e-06
In the x y z directions:
D_x = 3.284e-06 ± 2.29e-07  D_y = 3.283e-06 ± 2.00e-07  D_z = 1.033e-04 ± 1.33e-06
Isotropic self diffusion coefficient:
D = 3.665e-05 ± 8.51e-07

>>> SUMMARY <<<
--------------------------------------------------------------------------------
Geometric descriptors
--------------------------------------------------------------------------------
Volume
  Total:             72.6711 Å³     0.0743 %
  Accessible:        65.1453 Å³     0.0666 %

Surface area
  Total:            436.5707 Å²     0.4466 Å²/Å³
  Accessible:       391.5162 Å²     0.4005 Å²/Å³
--------------------------------------------------------------------------------
Breakthrough energies
--------------------------------------------------------------------------------
Direction a:    level   7    E =     35.000 kJ/mol     ΔE =     24.392 kJ/mol
Direction b:    level   7    E =     35.000 kJ/mol     ΔE =     24.392 kJ/mol
Direction c:    level   5    E =     25.000 kJ/mol     ΔE =     14.631 kJ/mol
--------------------------------------------------------------------------------
Diffusion coefficients
--------------------------------------------------------------------------------
   T (K)          D_a (m²/s) ± σ          D_b (m²/s) ± σ         D_c (m²/s) ± σ
--------------------------------------------------------------------------------
  1000.0     3.284e-06 ± 2.29e-07   3.283e-06 ± 2.00e-07   1.033e-04 ± 1.33e-06
--------------------------------------------------------------------------------

Total runtime:                 15.13 s
Log file:                      output.log
--------------------------------------------------------------------------------

Normal termination of EnGOAT.
********************************************************************************
